Microchip MPLAB XC8 Compiler V1.32 ()

Linker command line:

-W-3 --edf=/opt/microchip/xc8/v1.32/dat/en_msgs.txt -cs \
  -h+dist/default/production/Generador.X.production.sym \
  --cmf=dist/default/production/Generador.X.production.cmf -z -Q18F45K50 \
  -o/tmp/cgti0H5uO -Mdist/default/production/Generador.X.production.map -E1 \
  -ver=XC8 -ASTACK=01F0h-07ffh -pstack=STACK -ACODE=00h-07FFFh \
  -ACONST=00h-07FFFh -ASMALLCONST=0800h-08FFhx120 \
  -AMEDIUMCONST=0800h-07FFFh -ACOMRAM=01h-05Fh -AABS1=00h-07FFh \
  -ABIGRAM=01h-07FFh -ARAM=060h-0FFh,0100h-01FFhx7 -ABANK0=060h-0FFh \
  -ABANK1=0100h-01FFh -ABANK2=0200h-02FFh -ABANK3=0300h-03FFh \
  -ABANK4=0400h-04FFh -ABANK5=0500h-05FFh -ABANK6=0600h-06FFh \
  -ABANK7=0700h-07FFh -ASFR=0F53h-0F5Fh,0F60h-0FFFh \
  -preset_vec=00h,intcode,intcodelo,powerup,init,end_init -pramtop=0800h \
  -psmallconst=SMALLCONST -pmediumconst=MEDIUMCONST -pconst=CONST \
  -AFARRAM=00h-00h -ACONFIG=0300000h-030000Dh -pconfig=CONFIG \
  -AIDLOC=0200000h-0200007h -pidloc=IDLOC -AEEDATA=0F00000h-0F000FFh \
  -peeprom_data=EEDATA \
  -prdata=COMRAM,nvrram=COMRAM,nvbit=COMRAM,rbss=COMRAM,rbit=COMRAM \
  -pfarbss=FARRAM,fardata=FARRAM,nvFARRAM=FARRAM \
  -pintsave_regs=BIGRAM,bigbss=BIGRAM,bigdata=BIGRAM -pbss=RAM \
  -pidata=CODE,irdata=CODE,ibigdata=CODE,ifardata=CODE /tmp/cgtAhxqq5.obj \
  dist/default/production/Generador.X.production.obj 

Object code version is 3.11

Machine type is 18F45K50

Call graph: (short form)




                Name                               Link     Load   Length Selector   Space Scale
/tmp/cgtAhxqq5.obj
                end_init                              0        0        4        0       0
                idloc                            200000   200000        8   200000       0
                config                           300000   300000        E   300000       0
dist/default/production/Generador.X.production.obj
                smallconst                          800      800       E8      400       0
                text29                             1A5C     1A5C      126      474       0
                text28                             180E     180E      128      474       0
                text27                             16E2     16E2      12C      474       0
                text26                             1F14     1F14       90      474       0
                text25                             1326     1326      1E4      474       0
                text24                             25A6     25A6        E      474       0
                text23                             2462     2462       4E      474       0
                text22                             1936     1936      126      474       0
                text21                             251C     251C       30      474       0
                text20                             1B82     1B82       FC      474       0
                text19                             1D6E     1D6E       DC      474       0
                text18                             240C     240C       56      474       0
                text17                             150A     150A      1D8      474       0
                text16                             24EC     24EC       30      474       0
                text15                             1FA4     1FA4       8E      474       0
                text14                             24B0     24B0       3C      474       0
                text13                             23AA     23AA       62      474       0
                text12                             2032     2032       82      474       0
                text11                             10F2     10F2      234      474       0
                text10                             2342     2342       68      474       0
                text9                              22DA     22DA       68      474       0
                text8                              212E     212E       74      474       0
                text7                              2272     2272       68      474       0
                text6                              220A     220A       68      474       0
                text5                              21A2     21A2       68      474       0
                text4                              254C     254C       26      474       0
                text3                              2572     2572       20      474       0
                text2                              1E4A     1E4A       CA      474       0
                text1                              25B4     25B4        A      474       0
                text0                               8E8      8E8      80A      474       0
                cstackCOMRAM                          1        1       3D        1       1
                cstackBANK0                          60       60       66       60       1
                dataBANK1                           100      100       F0      100       1
                dataBANK0                            E4       E4       14       60       1
                bssBANK0                             C6       C6       1E       60       1
                dataCOMRAM                           5E       5E        2        1       1
                bssCOMRAM                            3E       3E       20        1       1
                cinit                              20B4     20B4       7A      474       0
                idataBANK1                         1C7E     1C7E       F0      474       0
                idataBANK0                         2592     2592       14      474       0
                idataCOMRAM                        25BE     25BE        2      474       0

TOTAL           Name                               Link     Load   Length     Space
        CLASS   STACK          

        CLASS   CODE           
                end_init                              0        0        4         0
                text29                             1A5C     1A5C      126         0
                text28                             180E     180E      128         0
                text27                             16E2     16E2      12C         0
                text26                             1F14     1F14       90         0
                text25                             1326     1326      1E4         0
                text24                             25A6     25A6        E         0
                text23                             2462     2462       4E         0
                text22                             1936     1936      126         0
                text21                             251C     251C       30         0
                text20                             1B82     1B82       FC         0
                text19                             1D6E     1D6E       DC         0
                text18                             240C     240C       56         0
                text17                             150A     150A      1D8         0
                text16                             24EC     24EC       30         0
                text15                             1FA4     1FA4       8E         0
                text14                             24B0     24B0       3C         0
                text13                             23AA     23AA       62         0
                text12                             2032     2032       82         0
                text11                             10F2     10F2      234         0
                text10                             2342     2342       68         0
                text9                              22DA     22DA       68         0
                text8                              212E     212E       74         0
                text7                              2272     2272       68         0
                text6                              220A     220A       68         0
                text5                              21A2     21A2       68         0
                text4                              254C     254C       26         0
                text3                              2572     2572       20         0
                text2                              1E4A     1E4A       CA         0
                text1                              25B4     25B4        A         0
                text0                               8E8      8E8      80A         0
                cinit                              20B4     20B4       7A         0
                idataBANK1                         1C7E     1C7E       F0         0
                idataBANK0                         2592     2592       14         0
                idataCOMRAM                        25BE     25BE        2         0

        CLASS   CONST          

        CLASS   SMALLCONST     
                smallconst                          800      800       E8         0

        CLASS   MEDIUMCONST    

        CLASS   COMRAM         
                cstackCOMRAM                          1        1       3D         1
                dataCOMRAM                           5E       5E        2         1
                bssCOMRAM                            3E       3E       20         1

        CLASS   ABS1           

        CLASS   BIGRAM         

        CLASS   RAM            

        CLASS   BANK0          
                cstackBANK0                          60       60       66         1
                dataBANK0                            E4       E4       14         1
                bssBANK0                             C6       C6       1E         1

        CLASS   BANK1          
                dataBANK1                           100      100       F0         1

        CLASS   BANK2          

        CLASS   BANK3          

        CLASS   BANK4          

        CLASS   BANK5          

        CLASS   BANK6          

        CLASS   BANK7          

        CLASS   SFR            

        CLASS   FARRAM         

        CLASS   CONFIG         
                config                           300000   300000        E         0

        CLASS   IDLOC          
                idloc                            200000   200000        8         0

        CLASS   EEDATA         



SEGMENTS        Name                           Load    Length   Top    Selector   Space  Class

                reset_vec                      000000  000004  000004         0       0  CODE    
                cstackCOMRAM                   000001  00005F  000060         1       1  COMRAM  
                cstackBANK0                    000060  000098  0000F8        60       1  BANK0   
                dataBANK1                      000100  0000F0  0001F0       100       1  BANK1   
                smallconst                     000800  0000E8  0008E8       400       0  SMALLCON
                text0                          0008E8  001CD8  0025C0       474       0  CODE    
                idloc                          200000  000008  200008    200000       0  IDLOC   
                config                         300000  00000E  30000E    300000       0  CONFIG  


UNUSED ADDRESS RANGES

        Name                Unused          Largest block    Delta
        BANK0            0000F8-0000FF                8
        BANK1            0001F0-0001FF               10
        BANK2            000200-0002FF              100
        BANK3            000300-0003FF              100
        BANK4            000400-0004FF              100
        BANK5            000500-0005FF              100
        BANK6            000600-0006FF              100
        BANK7            000700-0007FF              100
        BIGRAM           0000F8-0000FF                8
                         0001F0-0007FF              610
        CODE             000004-0007FF              7FC
                         0025C0-007FFF             5A40
        CONST            000004-0007FF              7FC
                         0025C0-007FFF             5A40
        EEDATA           F00000-F000FF              100
        MEDIUMCONST      0025C0-007FFF             5A40
        RAM              0000F8-0000FF                8
                         0001F0-0007FF              100
        SFR              000F53-000FFF                D
        SMALLCONST       0025C0-007FFF              100
        STACK            0001F0-0007FF              610

                                  Symbol Table

?_Conv_Entero                     cstackCOMRAM 00000F
?___aldiv                         cstackCOMRAM 000001
?___almod                         cstackCOMRAM 000001
?___lldiv                         cstackCOMRAM 000001
?___lmul                          cstackCOMRAM 000001
?___wmul                          cstackCOMRAM 000001
?_atoi                            cstackCOMRAM 000007
Ciclo@ciclo                       cstackCOMRAM 000015
Conv_Entero@conv                  cstackCOMRAM 000013
Conv_Entero@convTemp              cstackCOMRAM 00001A
Conv_Entero@i                     cstackCOMRAM 000031
Conv_Entero@num                   cstackCOMRAM 00002F
Conv_Entero@numero                cstackCOMRAM 00000F
Conv_Entero@numeroReg             cstackCOMRAM 000034
Conv_Entero@punteroActual         cstackCOMRAM 000032
Frecuencia@frecuencia             cstackCOMRAM 000015
Imprimir_pantalla@N               cstackCOMRAM 000009
Imprimir_pantalla@columna         cstackCOMRAM 00000C
Imprimir_pantalla@fila            cstackCOMRAM 00000B
Lcd_Chr_CP@data                   cstackCOMRAM 000003
Lcd_Cmd@data                      cstackCOMRAM 000003
Lcd_Init@data                     cstackCOMRAM 000005
Lcd_Out2@buffer                   cstackCOMRAM 000005
Lcd_Out2@data                     cstackCOMRAM 000008
Lcd_Out2@x                        cstackCOMRAM 000004
Lcd_Out2@y                        cstackCOMRAM 000007
Lcd_Out@buffer                    cstackCOMRAM 000005
Lcd_Out@data                      cstackCOMRAM 000008
Lcd_Out@x                         cstackCOMRAM 000004
Lcd_Out@y                         cstackCOMRAM 000007
PWM_generar@AuxCCP2CON            cstackCOMRAM 000018
PWM_generar@AuxCCPR2L             cstackCOMRAM 00001E
PWM_generar@PR2cal                cstackCOMRAM 00001A
PWM_generar@duty                  cstackCOMRAM 00000E
PWM_generar@fpwm                  cstackCOMRAM 000010
PWM_generar@prescalador           cstackCOMRAM 000016
Recuperar@key                     cstackCOMRAM 000002
SENO_GENERAR_1@F7356              dataBANK0    0000E4
SENO_GENERAR_1@i                  cstackCOMRAM 000018
SENO_GENERAR_1@valoresSeno        cstackCOMRAM 000004
SENO_GENERAR_2@F7361              dataBANK1    000164
SENO_GENERAR_2@i                  cstackCOMRAM 000036
SENO_GENERAR_2@valoresSeno        cstackCOMRAM 000004
SENO_GENERAR_3@F7366              dataBANK1    000100
SENO_GENERAR_3@i                  cstackBANK0  0000C4
SENO_GENERAR_3@valoresSeno        cstackBANK0  000060
TRIANGULAR_GENERAR_1@F7356        dataBANK1    0001DC
TRIANGULAR_GENERAR_1@i            cstackCOMRAM 000018
TRIANGULAR_GENERAR_1@valoresTrian cstackCOMRAM 000004
TRIANGULAR_GENERAR_2@F7361        dataBANK1    0001BE
TRIANGULAR_GENERAR_2@i            cstackCOMRAM 000022
TRIANGULAR_GENERAR_2@valoresTrian cstackCOMRAM 000004
TRIANGULAR_GENERAR_3@F7366        dataBANK1    000196
TRIANGULAR_GENERAR_3@i            cstackCOMRAM 00002C
TRIANGULAR_GENERAR_3@valoresTrian cstackCOMRAM 000004
Tec@Key                           cstackCOMRAM 000014
Tec@aux                           cstackCOMRAM 00000F
Tec@cadena                        cstackCOMRAM 00000B
Tec@contador                      cstackCOMRAM 000010
Tec@i                             cstackCOMRAM 00000D
Tec@j                             cstackCOMRAM 000012
_ANSELA                           (abs)        000F5B
_ANSELC                           (abs)        000F5D
_ANSELD                           (abs)        000F5E
_CCP2CON                          (abs)        000F97
_CCPR2L                           (abs)        000F90
_Ciclo                            text21       00251C
_Conv_Entero                      text17       00150A
_Frecuencia                       text16       0024EC
_Imprimir_pantalla                text14       0024B0
_LATA                             (abs)        000F89
_LATAbits                         (abs)        000F89
_Lcd_Chr_CP                       text27       0016E2
_Lcd_Cmd                          text29       001A5C
_Lcd_Init                         text28       00180E
_Lcd_Out                          text13       0023AA
_Lcd_Out2                         text26       001F14
_OSCCON                           (abs)        000FD3
_PORTA                            (abs)        000F80
_PORTAbits                        (abs)        000F80
_PORTDbits                        (abs)        000F83
_PR2                              (abs)        000FBB
_PWM_generar                      text11       0010F2
_READ_SWITCHES                    text25       001326
_Recuperar                        text24       0025A6
_SENO_GENERAR_1                   text10       002342
_SENO_GENERAR_2                   text9        0022DA
_SENO_GENERAR_3                   text8        00212E
_T2CON                            (abs)        000FBA
_T2CONbits                        (abs)        000FBA
_TMR2                             (abs)        000FBC
_TRIANGULAR_GENERAR_1             text7        002272
_TRIANGULAR_GENERAR_2             text6        00220A
_TRIANGULAR_GENERAR_3             text5        0021A2
_TRISA                            (abs)        000F92
_TRISCbits                        (abs)        000F94
_TRISDbits                        (abs)        000F95
_Tec                              text22       001936
_VREFCON1                         (abs)        000F7C
_VREFCON2bits                     (abs)        000F7B
__CFG_BOREN$SBORDIS               (abs)        000000
__CFG_BORV$190                    (abs)        000000
__CFG_CCP2MX$RC1                  (abs)        000000
__CFG_CFGPLLEN$OFF                (abs)        000000
__CFG_CP0$OFF                     (abs)        000000
__CFG_CP1$OFF                     (abs)        000000
__CFG_CP2$OFF                     (abs)        000000
__CFG_CP3$OFF                     (abs)        000000
__CFG_CPB$OFF                     (abs)        000000
__CFG_CPD$OFF                     (abs)        000000
__CFG_CPUDIV$NOCLKDIV             (abs)        000000
__CFG_EBTR0$OFF                   (abs)        000000
__CFG_EBTR1$OFF                   (abs)        000000
__CFG_EBTR2$OFF                   (abs)        000000
__CFG_EBTR3$OFF                   (abs)        000000
__CFG_EBTRB$OFF                   (abs)        000000
__CFG_FCMEN$OFF                   (abs)        000000
__CFG_FOSC$INTOSCIO               (abs)        000000
__CFG_ICPRT$OFF                   (abs)        000000
__CFG_IESO$OFF                    (abs)        000000
__CFG_LS48MHZ$SYS24X4             (abs)        000000
__CFG_LVP$OFF                     (abs)        000000
__CFG_MCLRE$ON                    (abs)        000000
__CFG_PBADEN$ON                   (abs)        000000
__CFG_PCLKEN$OFF                  (abs)        000000
__CFG_PLLSEL$PLL4X                (abs)        000000
__CFG_SDOMX$RB3                   (abs)        000000
__CFG_STVREN$ON                   (abs)        000000
__CFG_T3CMX$RC0                   (abs)        000000
__CFG_WDTEN$OFF                   (abs)        000000
__CFG_WDTPS$32768                 (abs)        000000
__CFG_WRT0$OFF                    (abs)        000000
__CFG_WRT1$OFF                    (abs)        000000
__CFG_WRT2$OFF                    (abs)        000000
__CFG_WRT3$OFF                    (abs)        000000
__CFG_WRTB$OFF                    (abs)        000000
__CFG_WRTC$OFF                    (abs)        000000
__CFG_WRTD$OFF                    (abs)        000000
__CFG_XINST$OFF                   (abs)        000000
__CFG_nLPBOR$OFF                  (abs)        000000
__CFG_nPWRTEN$ON                  (abs)        000000
__HRAM                            (abs)        000000
__Habs1                           abs1         000000
__Hbank0                          bank0        000000
__Hbank1                          bank1        000000
__Hbank2                          bank2        000000
__Hbank3                          bank3        000000
__Hbank4                          bank4        000000
__Hbank5                          bank5        000000
__Hbank6                          bank6        000000
__Hbank7                          bank7        000000
__Hbigbss                         bigbss       000000
__Hbigdata                        bigdata      000000
__Hbigram                         bigram       000000
__Hbss                            bss          000000
__HbssBANK0                       bssBANK0     000000
__HbssCOMRAM                      bssCOMRAM    000000
__Hcinit                          cinit        000000
__Hclrtext                        clrtext      000000
__Hcomram                         comram       000000
__Hconfig                         config       30000E
__Hconst                          const        000000
__HcstackBANK0                    cstackBANK0  000000
__HcstackCOMRAM                   cstackCOMRAM 000000
__Hdata                           data         000000
__HdataBANK0                      dataBANK0    000000
__HdataBANK1                      dataBANK1    000000
__HdataCOMRAM                     dataCOMRAM   000000
__Heeprom_data                    eeprom_data  000000
__Hend_init                       end_init     000004
__Hfarbss                         farbss       000000
__Hfardata                        fardata      000000
__Hibigdata                       ibigdata     000000
__Hidata                          idata        000000
__HidataBANK0                     idataBANK0   000000
__HidataBANK1                     idataBANK1   000000
__HidataCOMRAM                    idataCOMRAM  000000
__Hidloc                          idloc        200008
__Hifardata                       ifardata     000000
__Hinit                           init         000000
__Hintcode                        intcode      000000
__Hintcode_body                   intcode_body 000000
__Hintcodelo                      intcodelo    000000
__Hintentry                       intentry     000000
__Hintret                         intret       000000
__Hintsave_regs                   intsave_regs 000000
__Hirdata                         irdata       000000
__Hmediumconst                    mediumconst  000000
__HnvFARRAM                       nvFARRAM     000000
__Hnvbit                          nvbit        000000
__Hnvrram                         nvrram       000000
__Hparam                          rparam       000000
__Hpowerup                        powerup      000000
__Hram                            ram          000000
__Hramtop                         ramtop       000800
__Hrbit                           rbit         000000
__Hrbss                           rbss         000000
__Hrdata                          rdata        000000
__Hreset_vec                      reset_vec    000000
__Hrparam                         rparam       000000
__Hsfr                            sfr          000000
__Hsmallconst                     smallconst   0008E8
__Hspace_0                        (abs)        30000E
__Hspace_1                        (abs)        0001F0
__Hspace_2                        (abs)        000000
__Hstack                          stack        000000
__Hstruct                         struct       000000
__Htemp                           temp         000000
__Htext                           text         000000
__Htext0                          text0        000000
__Htext1                          text1        000000
__Htext10                         text10       000000
__Htext11                         text11       000000
__Htext12                         text12       000000
__Htext13                         text13       000000
__Htext14                         text14       000000
__Htext15                         text15       000000
__Htext16                         text16       000000
__Htext17                         text17       000000
__Htext18                         text18       000000
__Htext19                         text19       000000
__Htext2                          text2        000000
__Htext20                         text20       000000
__Htext21                         text21       000000
__Htext22                         text22       000000
__Htext23                         text23       000000
__Htext24                         text24       000000
__Htext25                         text25       000000
__Htext26                         text26       000000
__Htext27                         text27       000000
__Htext28                         text28       000000
__Htext29                         text29       000000
__Htext3                          text3        000000
__Htext4                          text4        000000
__Htext5                          text5        000000
__Htext6                          text6        000000
__Htext7                          text7        000000
__Htext8                          text8        000000
__Htext9                          text9        000000
__LRAM                            (abs)        000001
__Labs1                           abs1         000000
__Lbank0                          bank0        000000
__Lbank1                          bank1        000000
__Lbank2                          bank2        000000
__Lbank3                          bank3        000000
__Lbank4                          bank4        000000
__Lbank5                          bank5        000000
__Lbank6                          bank6        000000
__Lbank7                          bank7        000000
__Lbigbss                         bigbss       000000
__Lbigdata                        bigdata      000000
__Lbigram                         bigram       000000
__Lbss                            bss          000000
__LbssBANK0                       bssBANK0     000000
__LbssCOMRAM                      bssCOMRAM    000000
__Lcinit                          cinit        000000
__Lclrtext                        clrtext      000000
__Lcomram                         comram       000000
__Lconfig                         config       300000
__Lconst                          const        000000
__LcstackBANK0                    cstackBANK0  000000
__LcstackCOMRAM                   cstackCOMRAM 000000
__Ldata                           data         000000
__LdataBANK0                      dataBANK0    000000
__LdataBANK1                      dataBANK1    000000
__LdataCOMRAM                     dataCOMRAM   000000
__Leeprom_data                    eeprom_data  000000
__Lend_init                       end_init     000000
__Lfarbss                         farbss       000000
__Lfardata                        fardata      000000
__Libigdata                       ibigdata     000000
__Lidata                          idata        000000
__LidataBANK0                     idataBANK0   000000
__LidataBANK1                     idataBANK1   000000
__LidataCOMRAM                    idataCOMRAM  000000
__Lidloc                          idloc        200000
__Lifardata                       ifardata     000000
__Linit                           init         000000
__Lintcode                        intcode      000000
__Lintcode_body                   intcode_body 000000
__Lintcodelo                      intcodelo    000000
__Lintentry                       intentry     000000
__Lintret                         intret       000000
__Lintsave_regs                   intsave_regs 000000
__Lirdata                         irdata       000000
__Lmediumconst                    mediumconst  000000
__LnvFARRAM                       nvFARRAM     000000
__Lnvbit                          nvbit        000000
__Lnvrram                         nvrram       000000
__Lparam                          rparam       000000
__Lpowerup                        powerup      000000
__Lram                            ram          000000
__Lramtop                         ramtop       000800
__Lrbit                           rbit         000000
__Lrbss                           rbss         000000
__Lrdata                          rdata        000000
__Lreset_vec                      reset_vec    000000
__Lrparam                         rparam       000000
__Lsfr                            sfr          000000
__Lsmallconst                     smallconst   000800
__Lspace_0                        (abs)        000000
__Lspace_1                        (abs)        000000
__Lspace_2                        (abs)        000000
__Lstack                          stack        000000
__Lstruct                         struct       000000
__Ltemp                           temp         000000
__Ltext                           text         000000
__Ltext0                          text0        000000
__Ltext1                          text1        000000
__Ltext10                         text10       000000
__Ltext11                         text11       000000
__Ltext12                         text12       000000
__Ltext13                         text13       000000
__Ltext14                         text14       000000
__Ltext15                         text15       000000
__Ltext16                         text16       000000
__Ltext17                         text17       000000
__Ltext18                         text18       000000
__Ltext19                         text19       000000
__Ltext2                          text2        000000
__Ltext20                         text20       000000
__Ltext21                         text21       000000
__Ltext22                         text22       000000
__Ltext23                         text23       000000
__Ltext24                         text24       000000
__Ltext25                         text25       000000
__Ltext26                         text26       000000
__Ltext27                         text27       000000
__Ltext28                         text28       000000
__Ltext29                         text29       000000
__Ltext3                          text3        000000
__Ltext4                          text4        000000
__Ltext5                          text5        000000
__Ltext6                          text6        000000
__Ltext7                          text7        000000
__Ltext8                          text8        000000
__Ltext9                          text9        000000
__S0                              (abs)        30000E
__S1                              (abs)        0001F0
__S2                              (abs)        000000
___aldiv                          text20       001B82
___aldiv@counter                  cstackCOMRAM 000009
___aldiv@dividend                 cstackCOMRAM 000001
___aldiv@divisor                  cstackCOMRAM 000005
___aldiv@quotient                 cstackCOMRAM 00000B
___aldiv@sign                     cstackCOMRAM 00000A
___almod                          text19       001D6E
___almod@counter                  cstackCOMRAM 000009
___almod@dividend                 cstackCOMRAM 000001
___almod@divisor                  cstackCOMRAM 000005
___almod@sign                     cstackCOMRAM 00000A
___inthi_sp                       stack        000000
___intlo_sp                       stack        000000
___lldiv                          text12       002032
___lldiv@counter                  cstackCOMRAM 00000D
___lldiv@dividend                 cstackCOMRAM 000001
___lldiv@divisor                  cstackCOMRAM 000005
___lldiv@quotient                 cstackCOMRAM 000009
___lmul                           text18       00240C
___lmul@multiplicand              cstackCOMRAM 000005
___lmul@multiplier                cstackCOMRAM 000001
___lmul@product                   cstackCOMRAM 000009
___sp                             stack        000000
___wmul                           text4        00254C
___wmul@multiplicand              cstackCOMRAM 000003
___wmul@multiplier                cstackCOMRAM 000001
___wmul@product                   cstackCOMRAM 000005
__accesstop                       (abs)        000060
__activetblptr                    (abs)        000002
__end_of_Ciclo                    text21       00254C
__end_of_Conv_Entero              text17       0016E2
__end_of_Frecuencia               text16       00251C
__end_of_Imprimir_pantalla        text14       0024EC
__end_of_Lcd_Chr_CP               text27       00180E
__end_of_Lcd_Cmd                  text29       001B82
__end_of_Lcd_Init                 text28       001936
__end_of_Lcd_Out                  text13       00240C
__end_of_Lcd_Out2                 text26       001FA4
__end_of_PWM_generar              text11       001326
__end_of_READ_SWITCHES            text25       00150A
__end_of_Recuperar                text24       0025B4
__end_of_SENO_GENERAR_1           text10       0023AA
__end_of_SENO_GENERAR_2           text9        002342
__end_of_SENO_GENERAR_3           text8        0021A2
__end_of_TRIANGULAR_GENERAR_1     text7        0022DA
__end_of_TRIANGULAR_GENERAR_2     text6        002272
__end_of_TRIANGULAR_GENERAR_3     text5        00220A
__end_of_Tec                      text22       001A5C
__end_of___aldiv                  text20       001C7E
__end_of___almod                  text19       001E4A
__end_of___lldiv                  text12       0020B4
__end_of___lmul                   text18       002462
__end_of___wmul                   text4        002572
__end_of__initialization          cinit        002124
__end_of__stringdata              smallconst   0008E6
__end_of_atoi                     text2        001F14
__end_of_int_teclado              text1        0025BE
__end_of_isdigit                  text3        002592
__end_of_lcd_goto                 text23       0024B0
__end_of_main                     text0        0010F2
__end_of_tm_1s                    text15       002032
__initialization                  cinit        0020B4
__mediumconst                     mediumconst  000000
__pbssBANK0                       bssBANK0     0000C6
__pbssCOMRAM                      bssCOMRAM    00003E
__pcinit                          cinit        0020B4
__pcstackBANK0                    cstackBANK0  000060
__pcstackCOMRAM                   cstackCOMRAM 000001
__pdataBANK0                      dataBANK0    0000E4
__pdataBANK1                      dataBANK1    000100
__pdataCOMRAM                     dataCOMRAM   00005E
__pidataBANK0                     idataBANK0   002592
__pidataBANK1                     idataBANK1   001C7E
__pidataCOMRAM                    idataCOMRAM  0025BE
__psmallconst                     smallconst   000800
__ptext0                          text0        0008E8
__ptext1                          text1        0025B4
__ptext10                         text10       002342
__ptext11                         text11       0010F2
__ptext12                         text12       002032
__ptext13                         text13       0023AA
__ptext14                         text14       0024B0
__ptext15                         text15       001FA4
__ptext16                         text16       0024EC
__ptext17                         text17       00150A
__ptext18                         text18       00240C
__ptext19                         text19       001D6E
__ptext2                          text2        001E4A
__ptext20                         text20       001B82
__ptext21                         text21       00251C
__ptext22                         text22       001936
__ptext23                         text23       002462
__ptext24                         text24       0025A6
__ptext25                         text25       001326
__ptext26                         text26       001F14
__ptext27                         text27       0016E2
__ptext28                         text28       00180E
__ptext29                         text29       001A5C
__ptext3                          text3        002572
__ptext4                          text4        00254C
__ptext5                          text5        0021A2
__ptext6                          text6        00220A
__ptext7                          text7        002272
__ptext8                          text8        00212E
__ptext9                          text9        0022DA
__ramtop                          ramtop       000800
__size_of_Ciclo                   (abs)        000000
__size_of_Conv_Entero             (abs)        000000
__size_of_Frecuencia              (abs)        000000
__size_of_Imprimir_pantalla       (abs)        000000
__size_of_Lcd_Chr_CP              (abs)        000000
__size_of_Lcd_Cmd                 (abs)        000000
__size_of_Lcd_Init                (abs)        000000
__size_of_Lcd_Out                 (abs)        000000
__size_of_Lcd_Out2                (abs)        000000
__size_of_PWM_generar             (abs)        000000
__size_of_READ_SWITCHES           (abs)        000000
__size_of_Recuperar               (abs)        000000
__size_of_SENO_GENERAR_1          (abs)        000000
__size_of_SENO_GENERAR_2          (abs)        000000
__size_of_SENO_GENERAR_3          (abs)        000000
__size_of_TRIANGULAR_GENERAR_1    (abs)        000000
__size_of_TRIANGULAR_GENERAR_2    (abs)        000000
__size_of_TRIANGULAR_GENERAR_3    (abs)        000000
__size_of_Tec                     (abs)        000000
__size_of___aldiv                 (abs)        000000
__size_of___almod                 (abs)        000000
__size_of___lldiv                 (abs)        000000
__size_of___lmul                  (abs)        000000
__size_of___wmul                  (abs)        000000
__size_of_atoi                    (abs)        000000
__size_of_int_teclado             (abs)        000000
__size_of_isdigit                 (abs)        000000
__size_of_lcd_goto                (abs)        000000
__size_of_main                    (abs)        000000
__size_of_tm_1s                   (abs)        000000
__smallconst                      smallconst   000800
__stringdata                      smallconst   000801
_a                                dataCOMRAM   00005E
_atoi                             text2        001E4A
_cad                              bssBANK0     0000C6
_cadena                           bssCOMRAM    000054
_cantidad                         bssCOMRAM    000050
_ciclo                            bssBANK0     0000D0
_columna                          bssCOMRAM    000051
_d                                bssCOMRAM    00003E
_e                                bssCOMRAM    000040
_f                                bssCOMRAM    000042
_fila                             bssCOMRAM    000052
_frecuencia                       bssBANK0     0000DA
_g                                bssCOMRAM    000044
_int_teclado                      text1        0025B4
_isdigit                          text3        002572
_isdigit$933                      cstackCOMRAM 000002
_key                              bssCOMRAM    000053
_lcd_goto                         text23       002462
_main                             text0        0008E8
_q                                bssCOMRAM    000046
_r                                bssCOMRAM    000048
_s                                bssCOMRAM    00004A
_t                                bssCOMRAM    00004C
_tm_1s                            text15       001FA4
_w                                bssCOMRAM    00004E
atoi@a                            cstackCOMRAM 00000C
atoi@s                            cstackCOMRAM 000007
atoi@sign                         cstackCOMRAM 00000B
end_of_initialization             cinit        002124
intlevel0                         text         000000
intlevel1                         text         000000
intlevel2                         text         000000
intlevel3                         text         000000
isdigit@c                         cstackCOMRAM 000003
lcd_goto@data                     cstackCOMRAM 00000A
lcd_goto@x                        cstackCOMRAM 000004
lcd_goto@y                        cstackCOMRAM 000006
main@key                          cstackCOMRAM 00003D
main@zx                           cstackCOMRAM 000039
main@zx_307                       cstackCOMRAM 00003B
stackhi                           (abs)        0007FF
stacklo                           (abs)        0001F0
start                             init         000000
start_initialization              cinit        0020B4


FUNCTION INFORMATION:

 *************** function _main *****************
 Defined at:
		line 28 in file "Main.c"
 Parameters:    Size  Location     Type
		None
 Auto vars:     Size  Location     Type
  zx              2   58[COMRAM] int 
  zx              2   56[COMRAM] int 
  key             1   60[COMRAM] unsigned char 
 Return value:  Size  Location     Type
		None               void
 Registers used:
		wreg, fsr0l, fsr0h, fsr1l, fsr1h, fsr2l, fsr2h, status,2, status,0, tblptrl, tblptrh, tblptru, prodl, prodh, cstack
 Tracked objects:
		On entry : 
		On exit  : 
		Unchanged: 
 Data sizes:     COMRAM   BANK0   BANK1   BANK2   BANK3   BANK4   BANK5   BANK6   BANK7
      Params:         0       0       0       0       0       0       0       0       0
      Locals:         5       0       0       0       0       0       0       0       0
      Temps:          1       0       0       0       0       0       0       0       0
      Totals:         6       0       0       0       0       0       0       0       0
Total ram usage:        6 bytes
 Hardware stack levels required when called:    4
 This function calls:
		_Ciclo
		_Conv_Entero
		_Frecuencia
		_Imprimir_pantalla
		_Lcd_Cmd
		_Lcd_Init
		_Lcd_Out
		_Lcd_Out2
		_PWM_generar
		_Recuperar
		_SENO_GENERAR_1
		_SENO_GENERAR_2
		_SENO_GENERAR_3
		_TRIANGULAR_GENERAR_1
		_TRIANGULAR_GENERAR_2
		_TRIANGULAR_GENERAR_3
		_atoi
		_int_teclado
		_tm_1s
 This function is called by:
		Startup code after reset
 This function uses a non-reentrant model


 *************** function _int_teclado *****************
 Defined at:
		line 70 in file "teclado.c"
 Parameters:    Size  Location     Type
		None
 Auto vars:     Size  Location     Type
		None
 Return value:  Size  Location     Type
		None               void
 Registers used:
		wreg, status,2
 Tracked objects:
		On entry : 
		On exit  : 
		Unchanged: 
 Data sizes:     COMRAM   BANK0   BANK1   BANK2   BANK3   BANK4   BANK5   BANK6   BANK7
      Params:         0       0       0       0       0       0       0       0       0
      Locals:         0       0       0       0       0       0       0       0       0
      Temps:          0       0       0       0       0       0       0       0       0
      Totals:         0       0       0       0       0       0       0       0       0
Total ram usage:        0 bytes
 Hardware stack levels used:    1
 This function calls:
		Nothing
 This function is called by:
		_main
 This function uses a non-reentrant model


 *************** function _atoi *****************
 Defined at:
		line 5 in file "/opt/microchip/xc8/v1.32/sources/common/atoi.c"
 Parameters:    Size  Location     Type
  s               2    6[COMRAM] PTR const unsigned char 
		 -> ciclo(10), frecuencia(10), 
 Auto vars:     Size  Location     Type
  a               2   11[COMRAM] int 
  sign            1   10[COMRAM] unsigned char 
 Return value:  Size  Location     Type
                  2    6[COMRAM] int 
 Registers used:
		wreg, fsr2l, fsr2h, status,2, status,0, prodl, prodh, cstack
 Tracked objects:
		On entry : 
		On exit  : 
		Unchanged: 
 Data sizes:     COMRAM   BANK0   BANK1   BANK2   BANK3   BANK4   BANK5   BANK6   BANK7
      Params:         2       0       0       0       0       0       0       0       0
      Locals:         3       0       0       0       0       0       0       0       0
      Temps:          2       0       0       0       0       0       0       0       0
      Totals:         7       0       0       0       0       0       0       0       0
Total ram usage:        7 bytes
 Hardware stack levels used:    1
 Hardware stack levels required when called:    1
 This function calls:
		___wmul
		_isdigit
 This function is called by:
		_main
		_Prueba1
 This function uses a non-reentrant model


 *************** function _isdigit *****************
 Defined at:
		line 8 in file "/opt/microchip/xc8/v1.32/sources/common/isdigit.c"
 Parameters:    Size  Location     Type
  c               1    wreg     unsigned char 
 Auto vars:     Size  Location     Type
  c               1    2[COMRAM] unsigned char 
 Return value:  Size  Location     Type
		None               void
 Registers used:
		wreg, status,2, status,0
 Tracked objects:
		On entry : 
		On exit  : 
		Unchanged: 
 Data sizes:     COMRAM   BANK0   BANK1   BANK2   BANK3   BANK4   BANK5   BANK6   BANK7
      Params:         0       0       0       0       0       0       0       0       0
      Locals:         2       0       0       0       0       0       0       0       0
      Temps:          1       0       0       0       0       0       0       0       0
      Totals:         3       0       0       0       0       0       0       0       0
Total ram usage:        3 bytes
 Hardware stack levels used:    1
 This function calls:
		Nothing
 This function is called by:
		_atoi
 This function uses a non-reentrant model


 *************** function ___wmul *****************
 Defined at:
		line 15 in file "/opt/microchip/xc8/v1.32/sources/common/Umul16.c"
 Parameters:    Size  Location     Type
  multiplier      2    0[COMRAM] unsigned int 
  multiplicand    2    2[COMRAM] unsigned int 
 Auto vars:     Size  Location     Type
  product         2    4[COMRAM] unsigned int 
 Return value:  Size  Location     Type
                  2    0[COMRAM] unsigned int 
 Registers used:
		wreg, status,2, status,0, prodl, prodh
 Tracked objects:
		On entry : 
		On exit  : 
		Unchanged: 
 Data sizes:     COMRAM   BANK0   BANK1   BANK2   BANK3   BANK4   BANK5   BANK6   BANK7
      Params:         4       0       0       0       0       0       0       0       0
      Locals:         2       0       0       0       0       0       0       0       0
      Temps:          0       0       0       0       0       0       0       0       0
      Totals:         6       0       0       0       0       0       0       0       0
Total ram usage:        6 bytes
 Hardware stack levels used:    1
 This function calls:
		Nothing
 This function is called by:
		_atoi
 This function uses a non-reentrant model


 *************** function _TRIANGULAR_GENERAR_3 *****************
 Defined at:
		line 42 in file "Triangular.c"
 Parameters:    Size  Location     Type
		None
 Auto vars:     Size  Location     Type
  valoresTrian   40    3[COMRAM] int [20]
  i               2   43[COMRAM] int 
  key             1    0        unsigned char 
 Return value:  Size  Location     Type
		None               void
 Registers used:
		wreg, fsr1l, fsr1h, fsr2l, fsr2h, status,2, status,0
 Tracked objects:
		On entry : 
		On exit  : 
		Unchanged: 
 Data sizes:     COMRAM   BANK0   BANK1   BANK2   BANK3   BANK4   BANK5   BANK6   BANK7
      Params:         0       0       0       0       0       0       0       0       0
      Locals:        42       0       0       0       0       0       0       0       0
      Temps:          3       0       0       0       0       0       0       0       0
      Totals:        45       0       0       0       0       0       0       0       0
Total ram usage:       45 bytes
 Hardware stack levels used:    1
 This function calls:
		Nothing
 This function is called by:
		_main
 This function uses a non-reentrant model


 *************** function _TRIANGULAR_GENERAR_2 *****************
 Defined at:
		line 26 in file "Triangular.c"
 Parameters:    Size  Location     Type
		None
 Auto vars:     Size  Location     Type
  valoresTrian   30    3[COMRAM] int [15]
  i               2   33[COMRAM] int 
  key             1    0        unsigned char 
 Return value:  Size  Location     Type
		None               void
 Registers used:
		wreg, fsr1l, fsr1h, fsr2l, fsr2h, status,2, status,0
 Tracked objects:
		On entry : 
		On exit  : 
		Unchanged: 
 Data sizes:     COMRAM   BANK0   BANK1   BANK2   BANK3   BANK4   BANK5   BANK6   BANK7
      Params:         0       0       0       0       0       0       0       0       0
      Locals:        32       0       0       0       0       0       0       0       0
      Temps:          3       0       0       0       0       0       0       0       0
      Totals:        35       0       0       0       0       0       0       0       0
Total ram usage:       35 bytes
 Hardware stack levels used:    1
 This function calls:
		Nothing
 This function is called by:
		_main
 This function uses a non-reentrant model


 *************** function _TRIANGULAR_GENERAR_1 *****************
 Defined at:
		line 10 in file "Triangular.c"
 Parameters:    Size  Location     Type
		None
 Auto vars:     Size  Location     Type
  valoresTrian   20    3[COMRAM] int [10]
  i               2   23[COMRAM] int 
  key             1    0        unsigned char 
 Return value:  Size  Location     Type
		None               void
 Registers used:
		wreg, fsr1l, fsr1h, fsr2l, fsr2h, status,2, status,0
 Tracked objects:
		On entry : 
		On exit  : 
		Unchanged: 
 Data sizes:     COMRAM   BANK0   BANK1   BANK2   BANK3   BANK4   BANK5   BANK6   BANK7
      Params:         0       0       0       0       0       0       0       0       0
      Locals:        22       0       0       0       0       0       0       0       0
      Temps:          3       0       0       0       0       0       0       0       0
      Totals:        25       0       0       0       0       0       0       0       0
Total ram usage:       25 bytes
 Hardware stack levels used:    1
 This function calls:
		Nothing
 This function is called by:
		_main
 This function uses a non-reentrant model


 *************** function _SENO_GENERAR_3 *****************
 Defined at:
		line 47 in file "SENO.c"
 Parameters:    Size  Location     Type
		None
 Auto vars:     Size  Location     Type
  valoresSeno   100    0[BANK0 ] int [50]
  i               2  100[BANK0 ] int 
  key             1    0        unsigned char 
 Return value:  Size  Location     Type
		None               void
 Registers used:
		wreg, fsr1l, fsr1h, fsr2l, fsr2h, status,2, status,0
 Tracked objects:
		On entry : 
		On exit  : 
		Unchanged: 
 Data sizes:     COMRAM   BANK0   BANK1   BANK2   BANK3   BANK4   BANK5   BANK6   BANK7
      Params:         0       0       0       0       0       0       0       0       0
      Locals:         0     102       0       0       0       0       0       0       0
      Temps:          3       0       0       0       0       0       0       0       0
      Totals:         3     102       0       0       0       0       0       0       0
Total ram usage:      105 bytes
 Hardware stack levels used:    1
 This function calls:
		Nothing
 This function is called by:
		_main
 This function uses a non-reentrant model


 *************** function _SENO_GENERAR_2 *****************
 Defined at:
		line 29 in file "SENO.c"
 Parameters:    Size  Location     Type
		None
 Auto vars:     Size  Location     Type
  valoresSeno    50    3[COMRAM] int [25]
  i               2   53[COMRAM] int 
  key             1    0        unsigned char 
 Return value:  Size  Location     Type
		None               void
 Registers used:
		wreg, fsr1l, fsr1h, fsr2l, fsr2h, status,2, status,0
 Tracked objects:
		On entry : 
		On exit  : 
		Unchanged: 
 Data sizes:     COMRAM   BANK0   BANK1   BANK2   BANK3   BANK4   BANK5   BANK6   BANK7
      Params:         0       0       0       0       0       0       0       0       0
      Locals:        52       0       0       0       0       0       0       0       0
      Temps:          3       0       0       0       0       0       0       0       0
      Totals:        55       0       0       0       0       0       0       0       0
Total ram usage:       55 bytes
 Hardware stack levels used:    1
 This function calls:
		Nothing
 This function is called by:
		_main
 This function uses a non-reentrant model


 *************** function _SENO_GENERAR_1 *****************
 Defined at:
		line 8 in file "SENO.c"
 Parameters:    Size  Location     Type
		None
 Auto vars:     Size  Location     Type
  valoresSeno    20    3[COMRAM] int [10]
  i               2   23[COMRAM] int 
  key             1    0        unsigned char 
 Return value:  Size  Location     Type
		None               void
 Registers used:
		wreg, fsr1l, fsr1h, fsr2l, fsr2h, status,2, status,0
 Tracked objects:
		On entry : 
		On exit  : 
		Unchanged: 
 Data sizes:     COMRAM   BANK0   BANK1   BANK2   BANK3   BANK4   BANK5   BANK6   BANK7
      Params:         0       0       0       0       0       0       0       0       0
      Locals:        22       0       0       0       0       0       0       0       0
      Temps:          3       0       0       0       0       0       0       0       0
      Totals:        25       0       0       0       0       0       0       0       0
Total ram usage:       25 bytes
 Hardware stack levels used:    1
 This function calls:
		Nothing
 This function is called by:
		_main
 This function uses a non-reentrant model


 *************** function _PWM_generar *****************
 Defined at:
		line 10 in file "PWM.c"
 Parameters:    Size  Location     Type
  duty            2   13[COMRAM] unsigned int 
  fpwm            2   15[COMRAM] unsigned int 
 Auto vars:     Size  Location     Type
  AuxCCPR2L       4   29[COMRAM] unsigned long 
  PR2cal          4   25[COMRAM] unsigned long 
  AuxCCP2CON      2   23[COMRAM] unsigned int 
  prescalador     2   21[COMRAM] unsigned int 
 Return value:  Size  Location     Type
		None               void
 Registers used:
		wreg, status,2, status,0, cstack
 Tracked objects:
		On entry : 
		On exit  : 
		Unchanged: 
 Data sizes:     COMRAM   BANK0   BANK1   BANK2   BANK3   BANK4   BANK5   BANK6   BANK7
      Params:         4       0       0       0       0       0       0       0       0
      Locals:        12       0       0       0       0       0       0       0       0
      Temps:          4       0       0       0       0       0       0       0       0
      Totals:        20       0       0       0       0       0       0       0       0
Total ram usage:       20 bytes
 Hardware stack levels used:    1
 Hardware stack levels required when called:    1
 This function calls:
		___lldiv
		___lmul
 This function is called by:
		_main
		_Prueba2
 This function uses a non-reentrant model


 *************** function ___lldiv *****************
 Defined at:
		line 8 in file "/opt/microchip/xc8/v1.32/sources/common/lldiv.c"
 Parameters:    Size  Location     Type
  dividend        4    0[COMRAM] unsigned long 
  divisor         4    4[COMRAM] unsigned long 
 Auto vars:     Size  Location     Type
  quotient        4    8[COMRAM] unsigned long 
  counter         1   12[COMRAM] unsigned char 
 Return value:  Size  Location     Type
                  4    0[COMRAM] unsigned long 
 Registers used:
		wreg, status,2, status,0
 Tracked objects:
		On entry : 
		On exit  : 
		Unchanged: 
 Data sizes:     COMRAM   BANK0   BANK1   BANK2   BANK3   BANK4   BANK5   BANK6   BANK7
      Params:         8       0       0       0       0       0       0       0       0
      Locals:         5       0       0       0       0       0       0       0       0
      Temps:          0       0       0       0       0       0       0       0       0
      Totals:        13       0       0       0       0       0       0       0       0
Total ram usage:       13 bytes
 Hardware stack levels used:    1
 This function calls:
		Nothing
 This function is called by:
		_PWM_generar
 This function uses a non-reentrant model


 *************** function _Lcd_Out *****************
 Defined at:
		line 115 in file "pantalla.h"
 Parameters:    Size  Location     Type
  y               1    wreg     unsigned char 
  x               1    3[COMRAM] unsigned char 
  buffer          2    4[COMRAM] PTR const unsigned char 
		 -> cadena(10), 
 Auto vars:     Size  Location     Type
  y               1    6[COMRAM] unsigned char 
  data            1    7[COMRAM] unsigned char 
 Return value:  Size  Location     Type
		None               void
 Registers used:
		wreg, fsr2l, fsr2h, status,2, status,0, cstack
 Tracked objects:
		On entry : 
		On exit  : 
		Unchanged: 
 Data sizes:     COMRAM   BANK0   BANK1   BANK2   BANK3   BANK4   BANK5   BANK6   BANK7
      Params:         3       0       0       0       0       0       0       0       0
      Locals:         2       0       0       0       0       0       0       0       0
      Temps:          0       0       0       0       0       0       0       0       0
      Totals:         5       0       0       0       0       0       0       0       0
Total ram usage:        5 bytes
 Hardware stack levels used:    1
 Hardware stack levels required when called:    1
 This function calls:
		_Lcd_Chr_CP
		_Lcd_Cmd
 This function is called by:
		_main
		_Prueba2
 This function uses a non-reentrant model


 *************** function _Imprimir_pantalla *****************
 Defined at:
		line 127 in file "Funciones.h"
 Parameters:    Size  Location     Type
  N               2    8[COMRAM] PTR unsigned char 
		 -> ciclo(10), frecuencia(10), 
 Auto vars:     Size  Location     Type
  columna         1   11[COMRAM] unsigned char 
  fila            1   10[COMRAM] unsigned char 
 Return value:  Size  Location     Type
		None               void
 Registers used:
		wreg, fsr0l, fsr0h, status,2, status,0, tblptrl, tblptrh, tblptru, cstack
 Tracked objects:
		On entry : 
		On exit  : 
		Unchanged: 
 Data sizes:     COMRAM   BANK0   BANK1   BANK2   BANK3   BANK4   BANK5   BANK6   BANK7
      Params:         2       0       0       0       0       0       0       0       0
      Locals:         2       0       0       0       0       0       0       0       0
      Temps:          0       0       0       0       0       0       0       0       0
      Totals:         4       0       0       0       0       0       0       0       0
Total ram usage:        4 bytes
 Hardware stack levels used:    1
 Hardware stack levels required when called:    2
 This function calls:
		_Lcd_Cmd
		_Lcd_Init
		_Lcd_Out2
		_Recuperar
		_tm_1s
 This function is called by:
		_main
		_Prueba1
 This function uses a non-reentrant model


 *************** function _tm_1s *****************
 Defined at:
		line 4 in file "delays.h"
 Parameters:    Size  Location     Type
		None
 Auto vars:     Size  Location     Type
		None
 Return value:  Size  Location     Type
		None               void
 Registers used:
		wreg
 Tracked objects:
		On entry : 
		On exit  : 
		Unchanged: 
 Data sizes:     COMRAM   BANK0   BANK1   BANK2   BANK3   BANK4   BANK5   BANK6   BANK7
      Params:         0       0       0       0       0       0       0       0       0
      Locals:         0       0       0       0       0       0       0       0       0
      Temps:          1       0       0       0       0       0       0       0       0
      Totals:         1       0       0       0       0       0       0       0       0
Total ram usage:        1 bytes
 Hardware stack levels used:    1
 This function calls:
		Nothing
 This function is called by:
		_Imprimir_pantalla
		_main
		_Presentacion
		_Menu
 This function uses a non-reentrant model


 *************** function _Frecuencia *****************
 Defined at:
		line 69 in file "Funciones.h"
 Parameters:    Size  Location     Type
  frecuencia      2   20[COMRAM] PTR unsigned char 
		 -> frecuencia(10), 
 Auto vars:     Size  Location     Type
		None
 Return value:  Size  Location     Type
		None               void
 Registers used:
		wreg, fsr0l, fsr0h, fsr2l, fsr2h, status,2, status,0, tblptrl, tblptrh, tblptru, cstack
 Tracked objects:
		On entry : 
		On exit  : 
		Unchanged: 
 Data sizes:     COMRAM   BANK0   BANK1   BANK2   BANK3   BANK4   BANK5   BANK6   BANK7
      Params:         2       0       0       0       0       0       0       0       0
      Locals:         0       0       0       0       0       0       0       0       0
      Temps:          0       0       0       0       0       0       0       0       0
      Totals:         2       0       0       0       0       0       0       0       0
Total ram usage:        2 bytes
 Hardware stack levels used:    1
 Hardware stack levels required when called:    3
 This function calls:
		_Lcd_Cmd
		_Lcd_Init
		_Lcd_Out2
		_Tec
 This function is called by:
		_main
		_Prueba1
 This function uses a non-reentrant model


 *************** function _Conv_Entero *****************
 Defined at:
		line 12 in file "conversion.c"
 Parameters:    Size  Location     Type
  numero          4   14[COMRAM] long 
  conv            2   18[COMRAM] PTR unsigned char 
		 -> cadena(10), 
 Auto vars:     Size  Location     Type
  convTemp       21   25[COMRAM] unsigned char [21]
  numeroReg       4   51[COMRAM] long 
  punteroActua    2   49[COMRAM] PTR unsigned char 
		 -> Conv_Entero@convTemp(21), 
  num             2   46[COMRAM] int 
  i               1   48[COMRAM] unsigned char 
 Return value:  Size  Location     Type
                  2   14[COMRAM] int 
 Registers used:
		wreg, fsr1l, fsr1h, fsr2l, fsr2h, status,2, status,0, prodl, prodh, cstack
 Tracked objects:
		On entry : 
		On exit  : 
		Unchanged: 
 Data sizes:     COMRAM   BANK0   BANK1   BANK2   BANK3   BANK4   BANK5   BANK6   BANK7
      Params:         6       0       0       0       0       0       0       0       0
      Locals:        30       0       0       0       0       0       0       0       0
      Temps:          5       0       0       0       0       0       0       0       0
      Totals:        41       0       0       0       0       0       0       0       0
Total ram usage:       41 bytes
 Hardware stack levels used:    1
 Hardware stack levels required when called:    1
 This function calls:
		___aldiv
		___almod
		___lmul
 This function is called by:
		_main
		_Prueba2
 This function uses a non-reentrant model


 *************** function ___lmul *****************
 Defined at:
		line 15 in file "/opt/microchip/xc8/v1.32/sources/common/Umul32.c"
 Parameters:    Size  Location     Type
  multiplier      4    0[COMRAM] unsigned long 
  multiplicand    4    4[COMRAM] unsigned long 
 Auto vars:     Size  Location     Type
  product         4    8[COMRAM] unsigned long 
 Return value:  Size  Location     Type
                  4    0[COMRAM] unsigned long 
 Registers used:
		wreg, status,2, status,0
 Tracked objects:
		On entry : 
		On exit  : 
		Unchanged: 
 Data sizes:     COMRAM   BANK0   BANK1   BANK2   BANK3   BANK4   BANK5   BANK6   BANK7
      Params:         8       0       0       0       0       0       0       0       0
      Locals:         4       0       0       0       0       0       0       0       0
      Temps:          0       0       0       0       0       0       0       0       0
      Totals:        12       0       0       0       0       0       0       0       0
Total ram usage:       12 bytes
 Hardware stack levels used:    1
 This function calls:
		Nothing
 This function is called by:
		_PWM_generar
		_Conv_Entero
 This function uses a non-reentrant model


 *************** function ___almod *****************
 Defined at:
		line 8 in file "/opt/microchip/xc8/v1.32/sources/common/almod.c"
 Parameters:    Size  Location     Type
  dividend        4    0[COMRAM] long 
  divisor         4    4[COMRAM] long 
 Auto vars:     Size  Location     Type
  sign            1    9[COMRAM] unsigned char 
  counter         1    8[COMRAM] unsigned char 
 Return value:  Size  Location     Type
                  4    0[COMRAM] long 
 Registers used:
		wreg, status,2, status,0
 Tracked objects:
		On entry : 
		On exit  : 
		Unchanged: 
 Data sizes:     COMRAM   BANK0   BANK1   BANK2   BANK3   BANK4   BANK5   BANK6   BANK7
      Params:         8       0       0       0       0       0       0       0       0
      Locals:         2       0       0       0       0       0       0       0       0
      Temps:          0       0       0       0       0       0       0       0       0
      Totals:        10       0       0       0       0       0       0       0       0
Total ram usage:       10 bytes
 Hardware stack levels used:    1
 This function calls:
		Nothing
 This function is called by:
		_Conv_Entero
 This function uses a non-reentrant model


 *************** function ___aldiv *****************
 Defined at:
		line 8 in file "/opt/microchip/xc8/v1.32/sources/common/aldiv.c"
 Parameters:    Size  Location     Type
  dividend        4    0[COMRAM] long 
  divisor         4    4[COMRAM] long 
 Auto vars:     Size  Location     Type
  quotient        4   10[COMRAM] long 
  sign            1    9[COMRAM] unsigned char 
  counter         1    8[COMRAM] unsigned char 
 Return value:  Size  Location     Type
                  4    0[COMRAM] long 
 Registers used:
		wreg, status,2, status,0
 Tracked objects:
		On entry : 
		On exit  : 
		Unchanged: 
 Data sizes:     COMRAM   BANK0   BANK1   BANK2   BANK3   BANK4   BANK5   BANK6   BANK7
      Params:         8       0       0       0       0       0       0       0       0
      Locals:         6       0       0       0       0       0       0       0       0
      Temps:          0       0       0       0       0       0       0       0       0
      Totals:        14       0       0       0       0       0       0       0       0
Total ram usage:       14 bytes
 Hardware stack levels used:    1
 This function calls:
		Nothing
 This function is called by:
		_Conv_Entero
 This function uses a non-reentrant model


 *************** function _Ciclo *****************
 Defined at:
		line 76 in file "Funciones.h"
 Parameters:    Size  Location     Type
  ciclo           2   20[COMRAM] PTR unsigned char 
		 -> ciclo(10), 
 Auto vars:     Size  Location     Type
		None
 Return value:  Size  Location     Type
		None               void
 Registers used:
		wreg, fsr0l, fsr0h, fsr2l, fsr2h, status,2, status,0, tblptrl, tblptrh, tblptru, cstack
 Tracked objects:
		On entry : 
		On exit  : 
		Unchanged: 
 Data sizes:     COMRAM   BANK0   BANK1   BANK2   BANK3   BANK4   BANK5   BANK6   BANK7
      Params:         2       0       0       0       0       0       0       0       0
      Locals:         0       0       0       0       0       0       0       0       0
      Temps:          0       0       0       0       0       0       0       0       0
      Totals:         2       0       0       0       0       0       0       0       0
Total ram usage:        2 bytes
 Hardware stack levels used:    1
 Hardware stack levels required when called:    3
 This function calls:
		_Lcd_Cmd
		_Lcd_Init
		_Lcd_Out2
		_Tec
 This function is called by:
		_main
		_Prueba1
 This function uses a non-reentrant model


 *************** function _Tec *****************
 Defined at:
		line 83 in file "Funciones.h"
 Parameters:    Size  Location     Type
  cadena          2   10[COMRAM] PTR unsigned char 
		 -> ciclo(10), frecuencia(10), 
 Auto vars:     Size  Location     Type
  j               2   17[COMRAM] unsigned int 
  contador        2   15[COMRAM] unsigned int 
  i               2   12[COMRAM] unsigned int 
  Key             1   19[COMRAM] unsigned char 
  aux             1   14[COMRAM] unsigned char 
 Return value:  Size  Location     Type
		None               void
 Registers used:
		wreg, fsr2l, fsr2h, status,2, status,0, cstack
 Tracked objects:
		On entry : 
		On exit  : 
		Unchanged: 
 Data sizes:     COMRAM   BANK0   BANK1   BANK2   BANK3   BANK4   BANK5   BANK6   BANK7
      Params:         2       0       0       0       0       0       0       0       0
      Locals:         8       0       0       0       0       0       0       0       0
      Temps:          0       0       0       0       0       0       0       0       0
      Totals:        10       0       0       0       0       0       0       0       0
Total ram usage:       10 bytes
 Hardware stack levels used:    1
 Hardware stack levels required when called:    2
 This function calls:
		_Lcd_Chr_CP
		_Recuperar
		_lcd_goto
 This function is called by:
		_Frecuencia
		_Ciclo
 This function uses a non-reentrant model


 *************** function _lcd_goto *****************
 Defined at:
		line 184 in file "pantalla.h"
 Parameters:    Size  Location     Type
  x               2    3[COMRAM] int 
  y               2    5[COMRAM] int 
 Auto vars:     Size  Location     Type
  data            1    9[COMRAM] unsigned char 
 Return value:  Size  Location     Type
		None               void
 Registers used:
		wreg, status,2, status,0, cstack
 Tracked objects:
		On entry : 
		On exit  : 
		Unchanged: 
 Data sizes:     COMRAM   BANK0   BANK1   BANK2   BANK3   BANK4   BANK5   BANK6   BANK7
      Params:         4       0       0       0       0       0       0       0       0
      Locals:         1       0       0       0       0       0       0       0       0
      Temps:          2       0       0       0       0       0       0       0       0
      Totals:         7       0       0       0       0       0       0       0       0
Total ram usage:        7 bytes
 Hardware stack levels used:    1
 Hardware stack levels required when called:    1
 This function calls:
		_Lcd_Cmd
 This function is called by:
		_Tec
 This function uses a non-reentrant model


 *************** function _Recuperar *****************
 Defined at:
		line 111 in file "teclado.c"
 Parameters:    Size  Location     Type
		None
 Auto vars:     Size  Location     Type
  key             1    1[COMRAM] unsigned char 
 Return value:  Size  Location     Type
                  1    wreg      unsigned char 
 Registers used:
		wreg, status,2, cstack
 Tracked objects:
		On entry : 
		On exit  : 
		Unchanged: 
 Data sizes:     COMRAM   BANK0   BANK1   BANK2   BANK3   BANK4   BANK5   BANK6   BANK7
      Params:         0       0       0       0       0       0       0       0       0
      Locals:         1       0       0       0       0       0       0       0       0
      Temps:          0       0       0       0       0       0       0       0       0
      Totals:         1       0       0       0       0       0       0       0       0
Total ram usage:        1 bytes
 Hardware stack levels used:    1
 Hardware stack levels required when called:    1
 This function calls:
		_READ_SWITCHES
 This function is called by:
		_Tec
		_Imprimir_pantalla
		_main
		_Menu
 This function uses a non-reentrant model


 *************** function _READ_SWITCHES *****************
 Defined at:
		line 81 in file "teclado.c"
 Parameters:    Size  Location     Type
		None
 Auto vars:     Size  Location     Type
		None
 Return value:  Size  Location     Type
                  1    wreg      unsigned char 
 Registers used:
		wreg
 Tracked objects:
		On entry : 
		On exit  : 
		Unchanged: 
 Data sizes:     COMRAM   BANK0   BANK1   BANK2   BANK3   BANK4   BANK5   BANK6   BANK7
      Params:         0       0       0       0       0       0       0       0       0
      Locals:         0       0       0       0       0       0       0       0       0
      Temps:          1       0       0       0       0       0       0       0       0
      Totals:         1       0       0       0       0       0       0       0       0
Total ram usage:        1 bytes
 Hardware stack levels used:    1
 This function calls:
		Nothing
 This function is called by:
		_Recuperar
 This function uses a non-reentrant model


 *************** function _Lcd_Out2 *****************
 Defined at:
		line 136 in file "pantalla.h"
 Parameters:    Size  Location     Type
  y               1    wreg     unsigned char 
  x               1    3[COMRAM] unsigned char 
  buffer          2    4[COMRAM] PTR unsigned char 
		 -> STR_43(6), STR_42(2), STR_41(8), STR_40(3), 
		 -> STR_39(6), STR_38(9), STR_37(14), STR_36(12), 
		 -> STR_35(9), STR_34(11), STR_33(11), STR_32(11), 
		 -> STR_31(11), STR_30(11), STR_29(11), STR_28(11), 
		 -> STR_27(11), STR_26(11), STR_25(11), STR_24(11), 
		 -> STR_23(11), STR_22(14), STR_21(12), STR_20(12), 
		 -> STR_19(10), STR_18(15), STR_17(11), STR_16(16), 
		 -> STR_15(2), STR_14(8), STR_13(3), STR_12(6), 
		 -> ciclo(10), frecuencia(10), STR_11(14), STR_10(12), 
		 -> STR_9(12), STR_8(9), STR_7(14), STR_6(12), 
		 -> STR_5(12), STR_4(10), STR_3(15), STR_2(11), 
		 -> STR_1(16), 
 Auto vars:     Size  Location     Type
  y               1    6[COMRAM] unsigned char 
  data            1    7[COMRAM] unsigned char 
 Return value:  Size  Location     Type
		None               void
 Registers used:
		wreg, fsr0l, fsr0h, status,2, status,0, tblptrl, tblptrh, tblptru, cstack
 Tracked objects:
		On entry : 
		On exit  : 
		Unchanged: 
 Data sizes:     COMRAM   BANK0   BANK1   BANK2   BANK3   BANK4   BANK5   BANK6   BANK7
      Params:         3       0       0       0       0       0       0       0       0
      Locals:         2       0       0       0       0       0       0       0       0
      Temps:          0       0       0       0       0       0       0       0       0
      Totals:         5       0       0       0       0       0       0       0       0
Total ram usage:        5 bytes
 Hardware stack levels used:    1
 Hardware stack levels required when called:    1
 This function calls:
		_Lcd_Chr_CP
		_Lcd_Cmd
 This function is called by:
		_Frecuencia
		_Ciclo
		_Imprimir_pantalla
		_main
		_Presentacion
		_Menu
		_Menu_Pwm
		_Prueba2
 This function uses a non-reentrant model


 *************** function _Lcd_Chr_CP *****************
 Defined at:
		line 157 in file "pantalla.h"
 Parameters:    Size  Location     Type
  data            1    wreg     unsigned char 
 Auto vars:     Size  Location     Type
  data            1    2[COMRAM] unsigned char 
 Return value:  Size  Location     Type
		None               void
 Registers used:
		wreg, status,2, status,0
 Tracked objects:
		On entry : 
		On exit  : 
		Unchanged: 
 Data sizes:     COMRAM   BANK0   BANK1   BANK2   BANK3   BANK4   BANK5   BANK6   BANK7
      Params:         0       0       0       0       0       0       0       0       0
      Locals:         1       0       0       0       0       0       0       0       0
      Temps:          2       0       0       0       0       0       0       0       0
      Totals:         3       0       0       0       0       0       0       0       0
Total ram usage:        3 bytes
 Hardware stack levels used:    1
 This function calls:
		Nothing
 This function is called by:
		_Lcd_Out
		_Lcd_Out2
		_Tec
 This function uses a non-reentrant model


 *************** function _Lcd_Init *****************
 Defined at:
		line 71 in file "pantalla.h"
 Parameters:    Size  Location     Type
		None
 Auto vars:     Size  Location     Type
  data            1    4[COMRAM] unsigned char 
 Return value:  Size  Location     Type
		None               void
 Registers used:
		wreg, status,2, status,0, cstack
 Tracked objects:
		On entry : 
		On exit  : 
		Unchanged: 
 Data sizes:     COMRAM   BANK0   BANK1   BANK2   BANK3   BANK4   BANK5   BANK6   BANK7
      Params:         0       0       0       0       0       0       0       0       0
      Locals:         1       0       0       0       0       0       0       0       0
      Temps:          1       0       0       0       0       0       0       0       0
      Totals:         2       0       0       0       0       0       0       0       0
Total ram usage:        2 bytes
 Hardware stack levels used:    1
 Hardware stack levels required when called:    1
 This function calls:
		_Lcd_Cmd
 This function is called by:
		_Frecuencia
		_Ciclo
		_Imprimir_pantalla
		_main
		_Presentacion
		_Menu
		_Menu_Pwm
		_Prueba2
 This function uses a non-reentrant model


 *************** function _Lcd_Cmd *****************
 Defined at:
		line 171 in file "pantalla.h"
 Parameters:    Size  Location     Type
  data            1    wreg     unsigned char 
 Auto vars:     Size  Location     Type
  data            1    2[COMRAM] unsigned char 
 Return value:  Size  Location     Type
		None               void
 Registers used:
		wreg, status,2, status,0
 Tracked objects:
		On entry : 
		On exit  : 
		Unchanged: 
 Data sizes:     COMRAM   BANK0   BANK1   BANK2   BANK3   BANK4   BANK5   BANK6   BANK7
      Params:         0       0       0       0       0       0       0       0       0
      Locals:         1       0       0       0       0       0       0       0       0
      Temps:          2       0       0       0       0       0       0       0       0
      Totals:         3       0       0       0       0       0       0       0       0
Total ram usage:        3 bytes
 Hardware stack levels used:    1
 This function calls:
		Nothing
 This function is called by:
		_Lcd_Init
		_Lcd_Out
		_Lcd_Out2
		_lcd_goto
		_Frecuencia
		_Ciclo
		_Imprimir_pantalla
		_main
		_Presentacion
		_Menu
		_Menu_Pwm
		_Prueba2
 This function uses a non-reentrant model



MODULE INFORMATION

Module		Function		Class		Link	Load	Size
Triangular.c
		_TRIANGULAR_GEN		CODE           	2272	0000	104
		_TRIANGULAR_GEN		CODE           	220A	0000	104
		_TRIANGULAR_GEN		CODE           	21A2	0000	104

Triangular.c estimated size: 312

/opt/microchip/xc8/v1.32/sources/common/almod.c
		___almod       		CODE           	1D6E	0000	220

/opt/microchip/xc8/v1.32/sources/common/almod.c estimated size: 220

teclado.c
		_int_teclado   		CODE           	25B4	0000	10
		_Recuperar     		CODE           	25A6	0000	14
		_READ_SWITCHES 		CODE           	1326	0000	484

teclado.c estimated size: 508

/opt/microchip/xc8/v1.32/sources/common/Umul32.c
		___lmul        		CODE           	240C	0000	86

/opt/microchip/xc8/v1.32/sources/common/Umul32.c estimated size: 86

SENO.c
		_SENO_GENERAR_1		CODE           	2342	0000	104
		_SENO_GENERAR_2		CODE           	22DA	0000	104
		_SENO_GENERAR_3		CODE           	212E	0000	116

SENO.c estimated size: 324

Funciones.h
		_Tec           		CODE           	1936	0000	294
		_Ciclo         		CODE           	251C	0000	48
		_Frecuencia    		CODE           	24EC	0000	48
		_Imprimir_panta		CODE           	24B0	0000	60

Funciones.h estimated size: 450

/opt/microchip/xc8/v1.32/sources/common/lldiv.c
		___lldiv       		CODE           	2032	0000	130

/opt/microchip/xc8/v1.32/sources/common/lldiv.c estimated size: 130

/opt/microchip/xc8/v1.32/sources/common/aldiv.c
		___aldiv       		CODE           	1B82	0000	252

/opt/microchip/xc8/v1.32/sources/common/aldiv.c estimated size: 252

delays.h
		_tm_1s         		CODE           	1FA4	0000	142

delays.h estimated size: 142

PWM.c
		_PWM_generar   		CODE           	10F2	0000	564

PWM.c estimated size: 564

Main.c
		_main          		CODE           	08E8	0000	2058

Main.c estimated size: 2058

shared
		__stringdata   		SMALLCONST     	0801	0000	229
		__initializatio		CODE           	20B4	0000	112

shared estimated size: 341

/opt/microchip/xc8/v1.32/sources/common/atoi.c
		_atoi          		CODE           	1E4A	0000	202

/opt/microchip/xc8/v1.32/sources/common/atoi.c estimated size: 202

conversion.c
		_Conv_Entero   		CODE           	150A	0000	472

conversion.c estimated size: 472

/opt/microchip/xc8/v1.32/sources/common/isdigit.c
		_isdigit       		CODE           	2572	0000	32

/opt/microchip/xc8/v1.32/sources/common/isdigit.c estimated size: 32

pantalla.h
		_Lcd_Init      		CODE           	180E	0000	296
		_Lcd_Out       		CODE           	23AA	0000	98
		_Lcd_Out2      		CODE           	1F14	0000	144
		_Lcd_Chr_CP    		CODE           	16E2	0000	300
		_Lcd_Cmd       		CODE           	1A5C	0000	294
		_lcd_goto      		CODE           	2462	0000	78

pantalla.h estimated size: 1210

/opt/microchip/xc8/v1.32/sources/common/Umul16.c
		___wmul        		CODE           	254C	0000	38

/opt/microchip/xc8/v1.32/sources/common/Umul16.c estimated size: 38

